// Jest Snapshot v1, https://goo.gl/fbAQLP

exports[`should match snapshot 1`] = `
<u
  onClick={[Function]}
  onKeyDown={[Function]}
  role="button"
  tabIndex="-1"
>
  Report
</u>
`;
