// Jest Snapshot v1, https://goo.gl/fbAQLP

exports[`should match snapshot 1`] = `
<DocumentFragment>
  <div
    class="sc-kLLXSd ggZKBR"
    id="question-list"
  >
    No Questions Available.
  </div>
</DocumentFragment>
`;
